#,,,,,,,,,"generated_by='OpenQuake engine 3.13.0-git4df12b7ee8', start_date='2021-11-25T05:30:39', checksum=1695557895, investigation_time=1.0, risk_investigation_time=1.0"
asset_id,NAME_1,NAME_2,NAME_3,NAME_4,taxonomy,lon,lat,structural~fatalities,structural~losses
a2568,Mid-Western,Bheri,Bardiya,Royal Bardiya Nation,Adobe,81.51382,28.41117,2.996638E-01,1.133382E+03
a4540,Mid-Western,Karnali,Humla,Limi,Stone-Masonry,81.51382,30.28617,1.861287E-02,7.116009E+01
a7243,Mid-Western,Karnali,Humla,Limi,Unreinforced-Brick-Masonry,81.66382,30.36117,1.674916E-01,8.875668E+02
a2950,Mid-Western,Karnali,Mugu,Dhainakot,Adobe,81.88882,29.61117,2.505497E+00,9.392409E+03
a8381,East,Sagarmatha,Siraha,Chandrodayapur,Unreinforced-Brick-Masonry,86.31382,26.83617,4.589221E+00,2.137862E+04
a400,East,Koshi,Sankhuwasabha,Chepuwa,Wood,87.43882,27.81117,4.677501E-02,3.570755E+02
