#,,"generated_by='OpenQuake engine 3.13.0-gitfee39f3e87', start_date='2021-11-29T07:25:11', checksum=4069964564"
site_id,event_id,gmv_PGA
1,7,3.10122E-02
1,8,8.52676E-02
3,20,6.35393E-03
3,21,5.15010E-03
3,30,2.10839E-02
3,31,4.91735E-03
3,32,7.80914E-03
3,33,3.29983E-02
3,34,6.41912E-03
1,36,2.69517E-02
1,37,1.57030E-02
1,38,8.19825E-03
1,39,2.78937E-02
