#,,,,,,,,,,,,"generated_by='OpenQuake engine 3.15.0-git7d564599db', start_date='2022-07-15T05:55:53', checksum=2926815784, investigation_time=1.0, risk_investigation_time=50.0"
asset_id,cresta,occupancy,state,taxonomy,lon,lat,business_interruption,contents,nonstructural,occupants,structural,structural+nonstructural+contents
a3,0.21,Com,02,tax1,-122.57000,38.11300,1.03604E+02,2.22893E+02,3.50065E+02,8.33014E-04,0.00000E+00,5.72958E+02
a2,0.12,Res,01,tax2,-122.11400,38.11300,4.38954E+01,3.91233E+02,7.97177E+02,1.07453E-03,5.48951E+02,1.31404E+03
a5,0.23,Res,02,tax1,-122.00000,37.91000,5.07408E+01,3.15117E+02,4.97226E+02,1.31619E-03,0.00000E+00,9.87402E+02
a4,0.22,Res,02,tax3,-122.00000,38.00000,5.36427E+01,9.73221E+02,5.35173E+02,1.07189E-03,3.59306E+02,1.69662E+03
a1,0.11,Res,01,tax1,-122.00000,38.11300,6.70791E+01,3.70803E+02,5.62490E+02,1.26121E-03,1.99475E+02,1.13277E+03
a6,0.31,Res,03,tax2,-122.00000,38.22500,2.69771E+01,6.03936E+02,6.81010E+02,5.33472E-04,0.00000E+00,1.28495E+03
a7,0.32,Res,03,tax1,-121.88600,38.11300,4.22706E+01,2.48827E+02,3.73807E+02,8.13184E-04,0.00000E+00,6.22635E+02
