occupancy,business_interruption,contents,nonstructural,occupants,structural
Res,2.84606E+02,2.90314E+03,3.44688E+03,6.07048E-03,1.10772E+03
Com,1.03604E+02,2.22893E+02,3.50064E+02,8.33013E-04,0.00000E+00
