#,,,,,,,,,,"generated_by='OpenQuake engine 3.15.0-git056d8fc5ba', start_date='2022-06-01T09:46:07', checksum=2828904858, kind='mean', investigation_time=50.0, imt='PGA'"
lon,lat,depth,poe-0.0098000,poe-0.0137000,poe-0.0192000,poe-0.0527000,poe-0.5560000,poe-0.7780000,poe-1.0900000,poe-1.5200000
0.00000,0.00000,0.00000,9.283215E-01,8.829470E-01,8.089448E-01,4.163229E-01,3.178857E-02,1.155776E-02,2.992375E-03,4.293816E-04
